Plato
Camus
Voltaire
Heidegger
Kierkegaard
Sartre
Hobbes

